2026-07-28 04:59:06,613{GMT}	INFO	[jepsen test runner] jepsen.core: Test version 6397765dff9c5317062fa0e068878463e7a67d33 (plus uncommitted changes)
2026-07-28 04:59:06,614{GMT}	INFO	[jepsen test runner] jepsen.core: Command line:
lein run test --no-ssh --time-limit 15
2026-07-28 04:59:06,711{GMT}	INFO	[jepsen test runner] jepsen.core: Running test:
{:remote
 #jepsen.control.retry.Remote{:remote #jepsen.control.scp.Remote{:cmd-remote #jepsen.control.sshj.SSHJRemote{:concurrency-limit 6,
                                                                                                             :conn-spec nil,
                                                                                                             :client nil,
                                                                                                             :semaphore nil},
                                                                 :conn-spec nil},
                              :conn nil}
 :concurrency 5
 :db
 #object[jepsen.db$reify__11350 "0x3db5195" "jepsen.db$reify__11350@3db5195"]
 :leave-db-running? false
 :name "hyperion-live-linearizability"
 :logging-json? false
 :start-time
 #object[org.joda.time.DateTime "0xe344f14" "2026-07-28T04:59:06.512+02:00"]
 :net
 #object[jepsen.net$reify__12875
         "0x2d117280"
         "jepsen.net$reify__12875@2d117280"]
 :client #hyperion.core.HyperionClient{:node nil, :client-id nil, :sequence nil}
 :barrier
 #object[java.util.concurrent.CyclicBarrier
         "0x6c2be147"
         "java.util.concurrent.CyclicBarrier@6c2be147"]
 :ssh
 {:dummy? true,
  :username "root",
  :password "root",
  :strict-host-key-checking false,
  :private-key-path nil}
 :checker
 #object[jepsen.checker$compose$reify__10645
         "0xdddcd91"
         "jepsen.checker$compose$reify__10645@dddcd91"]
 :argv ("test" "--no-ssh" "--time-limit" "15")
 :nemesis #unprintable "jepsen.nemesis$reify__12978@21bd6fd1"
 :nodes [:n1 :n2 :n3 :n4 :n5]
 :test-count 1
 :generator
 #object[jepsen.util.Forgettable
         "0x1aee6983"
         (jepsen.generator.OnThreads
          {:f #jepsen.generator.context.AllBut{:element :nemesis},
           :context-filter #object[jepsen.generator.context$make_thread_filter$lazy_filter__11641
                                   "0x1add3e03"
                                   "jepsen.generator.context$make_thread_filter$lazy_filter__11641@1add3e03"],
           :gen (jepsen.generator.TimeLimit
                 {:limit 15000000000,
                  :cutoff nil,
                  :gen (jepsen.generator.Stagger
                        {:dt 200000000,
                         :next-time nil,
                         :gen (jepsen.generator.Mix
                               {:i 0,
                                :gens [#object[hyperion.core$read_op
                                               "0xd28a235"
                                               "hyperion.core$read_op@d28a235"]
                                       #object[hyperion.core$write_op
                                               "0x43e30f15"
                                               "hyperion.core$write_op@43e30f15"]]})})})})]
 :os
 #object[jepsen.os$reify__13272 "0x4fc2933e" "jepsen.os$reify__13272@4fc2933e"]
 :time-limit 15
 :model #knossos.model.Register{:value nil}}

2026-07-28 04:59:09,003{GMT}	INFO	[jepsen test runner] jepsen.db: Tearing down DB
2026-07-28 04:59:09,009{GMT}	INFO	[jepsen test runner] jepsen.db: Setting up DB
2026-07-28 04:59:09,014{GMT}	INFO	[jepsen test runner] jepsen.core: Relative time begins now
2026-07-28 04:59:09,069{GMT}	INFO	[jepsen worker 0] jepsen.util: 0	:invoke	:read	nil
2026-07-28 04:59:09,095{GMT}	INFO	[jepsen worker 0] jepsen.util: 0	:info	:read	nil	Connection refused
2026-07-28 04:59:09,123{GMT}	INFO	[jepsen worker 1] jepsen.util: 1	:invoke	:write	242503
2026-07-28 04:59:09,145{GMT}	INFO	[jepsen worker 1] jepsen.util: 1	:fail	:write	242503	:not-leader
2026-07-28 04:59:09,151{GMT}	INFO	[jepsen worker 2] jepsen.util: 2	:invoke	:read	nil
2026-07-28 04:59:09,155{GMT}	INFO	[jepsen worker 2] jepsen.util: 2	:fail	:read	nil	:not-leader
2026-07-28 04:59:09,274{GMT}	INFO	[jepsen worker 3] jepsen.util: 3	:invoke	:write	76233
2026-07-28 04:59:09,279{GMT}	INFO	[jepsen worker 3] jepsen.util: 3	:fail	:write	76233	:not-leader
2026-07-28 04:59:09,469{GMT}	INFO	[jepsen worker 4] jepsen.util: 4	:invoke	:read	nil
2026-07-28 04:59:09,475{GMT}	INFO	[jepsen worker 4] jepsen.util: 4	:ok	:read	nil
2026-07-28 04:59:09,604{GMT}	INFO	[jepsen worker 0] jepsen.util: 5	:invoke	:write	924190
2026-07-28 04:59:09,606{GMT}	INFO	[jepsen worker 0] jepsen.util: 5	:info	:write	924190	Connection refused
2026-07-28 04:59:09,757{GMT}	INFO	[jepsen worker 0] jepsen.util: 10	:invoke	:read	nil
2026-07-28 04:59:09,758{GMT}	INFO	[jepsen worker 0] jepsen.util: 10	:info	:read	nil	Connection refused
2026-07-28 04:59:09,850{GMT}	INFO	[jepsen worker 1] jepsen.util: 1	:invoke	:read	nil
2026-07-28 04:59:09,854{GMT}	INFO	[jepsen worker 1] jepsen.util: 1	:fail	:read	nil	:not-leader
2026-07-28 04:59:09,922{GMT}	INFO	[jepsen worker 2] jepsen.util: 2	:invoke	:write	676405
2026-07-28 04:59:09,928{GMT}	INFO	[jepsen worker 2] jepsen.util: 2	:fail	:write	676405	:not-leader
2026-07-28 04:59:10,052{GMT}	INFO	[jepsen worker 3] jepsen.util: 3	:invoke	:write	632590
2026-07-28 04:59:10,056{GMT}	INFO	[jepsen worker 3] jepsen.util: 3	:fail	:write	632590	:not-leader
2026-07-28 04:59:10,078{GMT}	INFO	[jepsen worker 4] jepsen.util: 4	:invoke	:write	448981
2026-07-28 04:59:10,088{GMT}	INFO	[jepsen worker 4] jepsen.util: 4	:ok	:write	448981
2026-07-28 04:59:10,159{GMT}	INFO	[jepsen worker 0] jepsen.util: 15	:invoke	:write	141173
2026-07-28 04:59:10,161{GMT}	INFO	[jepsen worker 0] jepsen.util: 15	:info	:write	141173	Connection refused
2026-07-28 04:59:10,322{GMT}	INFO	[jepsen worker 0] jepsen.util: 20	:invoke	:read	nil
2026-07-28 04:59:10,323{GMT}	INFO	[jepsen worker 0] jepsen.util: 20	:info	:read	nil	Connection refused
2026-07-28 04:59:10,390{GMT}	INFO	[jepsen worker 1] jepsen.util: 1	:invoke	:read	nil
2026-07-28 04:59:10,393{GMT}	INFO	[jepsen worker 1] jepsen.util: 1	:fail	:read	nil	:not-leader
2026-07-28 04:59:10,511{GMT}	INFO	[jepsen worker 2] jepsen.util: 2	:invoke	:write	200920
2026-07-28 04:59:10,514{GMT}	INFO	[jepsen worker 2] jepsen.util: 2	:fail	:write	200920	:not-leader
2026-07-28 04:59:10,616{GMT}	INFO	[jepsen worker 3] jepsen.util: 3	:invoke	:write	778426
2026-07-28 04:59:10,619{GMT}	INFO	[jepsen worker 3] jepsen.util: 3	:fail	:write	778426	:not-leader
2026-07-28 04:59:10,793{GMT}	INFO	[jepsen worker 4] jepsen.util: 4	:invoke	:read	nil
2026-07-28 04:59:10,798{GMT}	INFO	[jepsen worker 4] jepsen.util: 4	:ok	:read	448981
2026-07-28 04:59:10,975{GMT}	INFO	[jepsen worker 0] jepsen.util: 25	:invoke	:read	nil
2026-07-28 04:59:10,977{GMT}	INFO	[jepsen worker 0] jepsen.util: 25	:info	:read	nil	Connection refused
2026-07-28 04:59:11,081{GMT}	INFO	[jepsen worker 0] jepsen.util: 30	:invoke	:read	nil
2026-07-28 04:59:11,084{GMT}	INFO	[jepsen worker 0] jepsen.util: 30	:info	:read	nil	Connection refused
2026-07-28 04:59:11,201{GMT}	INFO	[jepsen worker 1] jepsen.util: 1	:invoke	:read	nil
2026-07-28 04:59:11,204{GMT}	INFO	[jepsen worker 1] jepsen.util: 1	:fail	:read	nil	:not-leader
2026-07-28 04:59:11,322{GMT}	INFO	[jepsen worker 2] jepsen.util: 2	:invoke	:read	nil
2026-07-28 04:59:11,325{GMT}	INFO	[jepsen worker 2] jepsen.util: 2	:fail	:read	nil	:not-leader
2026-07-28 04:59:11,448{GMT}	INFO	[jepsen worker 3] jepsen.util: 3	:invoke	:read	nil
2026-07-28 04:59:11,451{GMT}	INFO	[jepsen worker 3] jepsen.util: 3	:fail	:read	nil	:not-leader
2026-07-28 04:59:11,504{GMT}	INFO	[jepsen worker 4] jepsen.util: 4	:invoke	:read	nil
2026-07-28 04:59:11,509{GMT}	INFO	[jepsen worker 4] jepsen.util: 4	:ok	:read	448981
2026-07-28 04:59:11,649{GMT}	INFO	[jepsen worker 0] jepsen.util: 35	:invoke	:read	nil
2026-07-28 04:59:11,651{GMT}	INFO	[jepsen worker 0] jepsen.util: 35	:info	:read	nil	Connection refused
2026-07-28 04:59:11,702{GMT}	INFO	[jepsen worker 0] jepsen.util: 40	:invoke	:write	475313
2026-07-28 04:59:11,703{GMT}	INFO	[jepsen worker 0] jepsen.util: 40	:info	:write	475313	Connection refused
2026-07-28 04:59:11,773{GMT}	INFO	[jepsen worker 1] jepsen.util: 1	:invoke	:write	410602
2026-07-28 04:59:11,775{GMT}	INFO	[jepsen worker 1] jepsen.util: 1	:fail	:write	410602	:not-leader
2026-07-28 04:59:11,929{GMT}	INFO	[jepsen worker 2] jepsen.util: 2	:invoke	:read	nil
2026-07-28 04:59:11,931{GMT}	INFO	[jepsen worker 2] jepsen.util: 2	:fail	:read	nil	:not-leader
2026-07-28 04:59:12,111{GMT}	INFO	[jepsen worker 3] jepsen.util: 3	:invoke	:write	483785
2026-07-28 04:59:12,114{GMT}	INFO	[jepsen worker 3] jepsen.util: 3	:fail	:write	483785	:not-leader
2026-07-28 04:59:12,220{GMT}	INFO	[jepsen worker 4] jepsen.util: 4	:invoke	:write	58941
2026-07-28 04:59:12,227{GMT}	INFO	[jepsen worker 4] jepsen.util: 4	:ok	:write	58941
2026-07-28 04:59:12,286{GMT}	INFO	[jepsen worker 0] jepsen.util: 45	:invoke	:write	944967
2026-07-28 04:59:12,288{GMT}	INFO	[jepsen worker 0] jepsen.util: 45	:info	:write	944967	Connection refused
2026-07-28 04:59:12,317{GMT}	INFO	[jepsen worker 0] jepsen.util: 50	:invoke	:read	nil
2026-07-28 04:59:12,319{GMT}	INFO	[jepsen worker 0] jepsen.util: 50	:info	:read	nil	Connection refused
2026-07-28 04:59:12,412{GMT}	INFO	[jepsen worker 1] jepsen.util: 1	:invoke	:read	nil
2026-07-28 04:59:12,417{GMT}	INFO	[jepsen worker 1] jepsen.util: 1	:fail	:read	nil	:not-leader
2026-07-28 04:59:12,520{GMT}	INFO	[jepsen worker 2] jepsen.util: 2	:invoke	:read	nil
2026-07-28 04:59:12,523{GMT}	INFO	[jepsen worker 2] jepsen.util: 2	:fail	:read	nil	:not-leader
2026-07-28 04:59:12,721{GMT}	INFO	[jepsen worker 3] jepsen.util: 3	:invoke	:read	nil
2026-07-28 04:59:12,723{GMT}	INFO	[jepsen worker 3] jepsen.util: 3	:fail	:read	nil	:not-leader
2026-07-28 04:59:12,902{GMT}	INFO	[jepsen worker 4] jepsen.util: 4	:invoke	:read	nil
2026-07-28 04:59:12,906{GMT}	INFO	[jepsen worker 4] jepsen.util: 4	:ok	:read	58941
2026-07-28 04:59:13,068{GMT}	INFO	[jepsen worker 0] jepsen.util: 55	:invoke	:read	nil
2026-07-28 04:59:13,069{GMT}	INFO	[jepsen worker 0] jepsen.util: 55	:info	:read	nil	Connection refused
2026-07-28 04:59:13,163{GMT}	INFO	[jepsen worker 0] jepsen.util: 60	:invoke	:read	nil
2026-07-28 04:59:13,165{GMT}	INFO	[jepsen worker 0] jepsen.util: 60	:info	:read	nil	Connection refused
2026-07-28 04:59:13,177{GMT}	INFO	[jepsen worker 1] jepsen.util: 1	:invoke	:read	nil
2026-07-28 04:59:13,179{GMT}	INFO	[jepsen worker 1] jepsen.util: 1	:fail	:read	nil	:not-leader
2026-07-28 04:59:13,280{GMT}	INFO	[jepsen worker 2] jepsen.util: 2	:invoke	:read	nil
2026-07-28 04:59:13,283{GMT}	INFO	[jepsen worker 2] jepsen.util: 2	:fail	:read	nil	:not-leader
2026-07-28 04:59:13,340{GMT}	INFO	[jepsen worker 3] jepsen.util: 3	:invoke	:read	nil
2026-07-28 04:59:13,343{GMT}	INFO	[jepsen worker 3] jepsen.util: 3	:fail	:read	nil	:not-leader
2026-07-28 04:59:13,529{GMT}	INFO	[jepsen worker 4] jepsen.util: 4	:invoke	:write	886520
2026-07-28 04:59:13,536{GMT}	INFO	[jepsen worker 4] jepsen.util: 4	:ok	:write	886520
2026-07-28 04:59:13,636{GMT}	INFO	[jepsen worker 0] jepsen.util: 65	:invoke	:read	nil
2026-07-28 04:59:13,638{GMT}	INFO	[jepsen worker 0] jepsen.util: 65	:info	:read	nil	Connection refused
2026-07-28 04:59:13,689{GMT}	INFO	[jepsen worker 0] jepsen.util: 70	:invoke	:read	nil
2026-07-28 04:59:13,692{GMT}	INFO	[jepsen worker 0] jepsen.util: 70	:info	:read	nil	Connection refused
2026-07-28 04:59:13,802{GMT}	INFO	[jepsen worker 1] jepsen.util: 1	:invoke	:write	41110
2026-07-28 04:59:13,805{GMT}	INFO	[jepsen worker 1] jepsen.util: 1	:fail	:write	41110	:not-leader
2026-07-28 04:59:13,813{GMT}	INFO	[jepsen worker 2] jepsen.util: 2	:invoke	:read	nil
2026-07-28 04:59:13,816{GMT}	INFO	[jepsen worker 2] jepsen.util: 2	:fail	:read	nil	:not-leader
2026-07-28 04:59:13,855{GMT}	INFO	[jepsen worker 3] jepsen.util: 3	:invoke	:read	nil
2026-07-28 04:59:13,860{GMT}	INFO	[jepsen worker 3] jepsen.util: 3	:fail	:read	nil	:not-leader
2026-07-28 04:59:13,884{GMT}	INFO	[jepsen worker 4] jepsen.util: 4	:invoke	:read	nil
2026-07-28 04:59:13,887{GMT}	INFO	[jepsen worker 4] jepsen.util: 4	:ok	:read	886520
2026-07-28 04:59:13,899{GMT}	INFO	[jepsen worker 0] jepsen.util: 75	:invoke	:read	nil
2026-07-28 04:59:13,902{GMT}	INFO	[jepsen worker 0] jepsen.util: 75	:info	:read	nil	Connection refused
2026-07-28 04:59:14,046{GMT}	INFO	[jepsen worker 0] jepsen.util: 80	:invoke	:read	nil
2026-07-28 04:59:14,048{GMT}	INFO	[jepsen worker 0] jepsen.util: 80	:info	:read	nil	Connection refused
2026-07-28 04:59:14,243{GMT}	INFO	[jepsen worker 1] jepsen.util: 1	:invoke	:read	nil
2026-07-28 04:59:14,246{GMT}	INFO	[jepsen worker 1] jepsen.util: 1	:fail	:read	nil	:not-leader
2026-07-28 04:59:14,247{GMT}	INFO	[jepsen worker 2] jepsen.util: 2	:invoke	:write	106712
2026-07-28 04:59:14,249{GMT}	INFO	[jepsen worker 2] jepsen.util: 2	:fail	:write	106712	:not-leader
2026-07-28 04:59:14,435{GMT}	INFO	[jepsen worker 3] jepsen.util: 3	:invoke	:write	173250
2026-07-28 04:59:14,437{GMT}	INFO	[jepsen worker 3] jepsen.util: 3	:fail	:write	173250	:not-leader
2026-07-28 04:59:14,489{GMT}	INFO	[jepsen worker 4] jepsen.util: 4	:invoke	:write	375479
2026-07-28 04:59:14,499{GMT}	INFO	[jepsen worker 4] jepsen.util: 4	:ok	:write	375479
2026-07-28 04:59:14,588{GMT}	INFO	[jepsen worker 0] jepsen.util: 85	:invoke	:read	nil
2026-07-28 04:59:14,589{GMT}	INFO	[jepsen worker 0] jepsen.util: 85	:info	:read	nil	Connection refused
2026-07-28 04:59:14,762{GMT}	INFO	[jepsen worker 0] jepsen.util: 90	:invoke	:read	nil
2026-07-28 04:59:14,764{GMT}	INFO	[jepsen worker 0] jepsen.util: 90	:info	:read	nil	Connection refused
2026-07-28 04:59:14,870{GMT}	INFO	[jepsen worker 1] jepsen.util: 1	:invoke	:write	100797
2026-07-28 04:59:14,872{GMT}	INFO	[jepsen worker 1] jepsen.util: 1	:fail	:write	100797	:not-leader
2026-07-28 04:59:14,958{GMT}	INFO	[jepsen worker 2] jepsen.util: 2	:invoke	:read	nil
2026-07-28 04:59:14,961{GMT}	INFO	[jepsen worker 2] jepsen.util: 2	:fail	:read	nil	:not-leader
2026-07-28 04:59:15,080{GMT}	INFO	[jepsen worker 3] jepsen.util: 3	:invoke	:write	598099
2026-07-28 04:59:15,082{GMT}	INFO	[jepsen worker 3] jepsen.util: 3	:fail	:write	598099	:not-leader
2026-07-28 04:59:15,101{GMT}	INFO	[jepsen worker 4] jepsen.util: 4	:invoke	:write	214184
2026-07-28 04:59:15,108{GMT}	INFO	[jepsen worker 4] jepsen.util: 4	:ok	:write	214184
2026-07-28 04:59:15,274{GMT}	INFO	[jepsen worker 0] jepsen.util: 95	:invoke	:read	nil
2026-07-28 04:59:15,275{GMT}	INFO	[jepsen worker 0] jepsen.util: 95	:info	:read	nil	Connection refused
2026-07-28 04:59:15,426{GMT}	INFO	[jepsen worker 0] jepsen.util: 100	:invoke	:write	458178
2026-07-28 04:59:15,427{GMT}	INFO	[jepsen worker 0] jepsen.util: 100	:info	:write	458178	Connection refused
2026-07-28 04:59:15,533{GMT}	INFO	[jepsen worker 1] jepsen.util: 1	:invoke	:write	776872
2026-07-28 04:59:15,537{GMT}	INFO	[jepsen worker 1] jepsen.util: 1	:fail	:write	776872	:not-leader
2026-07-28 04:59:15,578{GMT}	INFO	[jepsen worker 2] jepsen.util: 2	:invoke	:write	607510
2026-07-28 04:59:15,580{GMT}	INFO	[jepsen worker 2] jepsen.util: 2	:fail	:write	607510	:not-leader
2026-07-28 04:59:15,677{GMT}	INFO	[jepsen worker 3] jepsen.util: 3	:invoke	:write	393749
2026-07-28 04:59:15,680{GMT}	INFO	[jepsen worker 3] jepsen.util: 3	:fail	:write	393749	:not-leader
2026-07-28 04:59:15,855{GMT}	INFO	[jepsen worker 4] jepsen.util: 4	:invoke	:write	315068
2026-07-28 04:59:15,862{GMT}	INFO	[jepsen worker 4] jepsen.util: 4	:ok	:write	315068
2026-07-28 04:59:16,003{GMT}	INFO	[jepsen worker 0] jepsen.util: 105	:invoke	:read	nil
2026-07-28 04:59:16,004{GMT}	INFO	[jepsen worker 0] jepsen.util: 105	:info	:read	nil	Connection refused
2026-07-28 04:59:16,067{GMT}	INFO	[jepsen worker 0] jepsen.util: 110	:invoke	:write	136904
2026-07-28 04:59:16,068{GMT}	INFO	[jepsen worker 0] jepsen.util: 110	:info	:write	136904	Connection refused
2026-07-28 04:59:16,121{GMT}	INFO	[jepsen worker 1] jepsen.util: 1	:invoke	:read	nil
2026-07-28 04:59:16,124{GMT}	INFO	[jepsen worker 1] jepsen.util: 1	:fail	:read	nil	:not-leader
2026-07-28 04:59:16,143{GMT}	INFO	[jepsen worker 2] jepsen.util: 2	:invoke	:write	31968
2026-07-28 04:59:16,145{GMT}	INFO	[jepsen worker 2] jepsen.util: 2	:fail	:write	31968	:not-leader
2026-07-28 04:59:16,259{GMT}	INFO	[jepsen worker 3] jepsen.util: 3	:invoke	:write	502126
2026-07-28 04:59:16,262{GMT}	INFO	[jepsen worker 3] jepsen.util: 3	:fail	:write	502126	:not-leader
2026-07-28 04:59:16,406{GMT}	INFO	[jepsen worker 4] jepsen.util: 4	:invoke	:read	nil
2026-07-28 04:59:16,411{GMT}	INFO	[jepsen worker 4] jepsen.util: 4	:ok	:read	315068
2026-07-28 04:59:16,435{GMT}	INFO	[jepsen worker 0] jepsen.util: 115	:invoke	:read	nil
2026-07-28 04:59:16,436{GMT}	INFO	[jepsen worker 0] jepsen.util: 115	:info	:read	nil	Connection refused
2026-07-28 04:59:16,555{GMT}	INFO	[jepsen worker 0] jepsen.util: 120	:invoke	:write	272483
2026-07-28 04:59:16,556{GMT}	INFO	[jepsen worker 0] jepsen.util: 120	:info	:write	272483	Connection refused
2026-07-28 04:59:16,689{GMT}	INFO	[jepsen worker 1] jepsen.util: 1	:invoke	:read	nil
2026-07-28 04:59:16,691{GMT}	INFO	[jepsen worker 1] jepsen.util: 1	:fail	:read	nil	:not-leader
2026-07-28 04:59:16,810{GMT}	INFO	[jepsen worker 2] jepsen.util: 2	:invoke	:read	nil
2026-07-28 04:59:16,812{GMT}	INFO	[jepsen worker 2] jepsen.util: 2	:fail	:read	nil	:not-leader
2026-07-28 04:59:16,948{GMT}	INFO	[jepsen worker 3] jepsen.util: 3	:invoke	:write	556521
2026-07-28 04:59:16,950{GMT}	INFO	[jepsen worker 3] jepsen.util: 3	:fail	:write	556521	:not-leader
2026-07-28 04:59:17,137{GMT}	INFO	[jepsen worker 4] jepsen.util: 4	:invoke	:write	790099
2026-07-28 04:59:17,140{GMT}	INFO	[jepsen worker 0] jepsen.util: 125	:invoke	:write	430841
2026-07-28 04:59:17,142{GMT}	INFO	[jepsen worker 0] jepsen.util: 125	:info	:write	430841	Connection refused
2026-07-28 04:59:17,144{GMT}	INFO	[jepsen worker 4] jepsen.util: 4	:ok	:write	790099
2026-07-28 04:59:17,166{GMT}	INFO	[jepsen worker 0] jepsen.util: 130	:invoke	:write	897382
2026-07-28 04:59:17,167{GMT}	INFO	[jepsen worker 0] jepsen.util: 130	:info	:write	897382	Connection refused
2026-07-28 04:59:17,226{GMT}	INFO	[jepsen worker 1] jepsen.util: 1	:invoke	:write	93098
2026-07-28 04:59:17,228{GMT}	INFO	[jepsen worker 1] jepsen.util: 1	:fail	:write	93098	:not-leader
2026-07-28 04:59:17,359{GMT}	INFO	[jepsen worker 2] jepsen.util: 2	:invoke	:write	754987
2026-07-28 04:59:17,361{GMT}	INFO	[jepsen worker 2] jepsen.util: 2	:fail	:write	754987	:not-leader
2026-07-28 04:59:17,421{GMT}	INFO	[jepsen worker 3] jepsen.util: 3	:invoke	:read	nil
2026-07-28 04:59:17,424{GMT}	INFO	[jepsen worker 3] jepsen.util: 3	:fail	:read	nil	:not-leader
2026-07-28 04:59:17,541{GMT}	INFO	[jepsen worker 4] jepsen.util: 4	:invoke	:write	785917
2026-07-28 04:59:17,548{GMT}	INFO	[jepsen worker 4] jepsen.util: 4	:ok	:write	785917
2026-07-28 04:59:17,713{GMT}	INFO	[jepsen worker 0] jepsen.util: 135	:invoke	:read	nil
2026-07-28 04:59:17,714{GMT}	INFO	[jepsen worker 0] jepsen.util: 135	:info	:read	nil	Connection refused
2026-07-28 04:59:17,731{GMT}	INFO	[jepsen worker 0] jepsen.util: 140	:invoke	:write	124462
2026-07-28 04:59:17,732{GMT}	INFO	[jepsen worker 0] jepsen.util: 140	:info	:write	124462	Connection refused
2026-07-28 04:59:17,776{GMT}	INFO	[jepsen worker 1] jepsen.util: 1	:invoke	:read	nil
2026-07-28 04:59:17,778{GMT}	INFO	[jepsen worker 1] jepsen.util: 1	:fail	:read	nil	:not-leader
2026-07-28 04:59:17,951{GMT}	INFO	[jepsen worker 2] jepsen.util: 2	:invoke	:write	286058
2026-07-28 04:59:17,953{GMT}	INFO	[jepsen worker 2] jepsen.util: 2	:fail	:write	286058	:not-leader
2026-07-28 04:59:17,978{GMT}	INFO	[jepsen worker 3] jepsen.util: 3	:invoke	:read	nil
2026-07-28 04:59:17,980{GMT}	INFO	[jepsen worker 3] jepsen.util: 3	:fail	:read	nil	:not-leader
2026-07-28 04:59:18,019{GMT}	INFO	[jepsen worker 4] jepsen.util: 4	:invoke	:write	483675
2026-07-28 04:59:18,026{GMT}	INFO	[jepsen worker 4] jepsen.util: 4	:ok	:write	483675
2026-07-28 04:59:18,046{GMT}	INFO	[jepsen worker 0] jepsen.util: 145	:invoke	:read	nil
2026-07-28 04:59:18,047{GMT}	INFO	[jepsen worker 0] jepsen.util: 145	:info	:read	nil	Connection refused
2026-07-28 04:59:18,064{GMT}	INFO	[jepsen worker 0] jepsen.util: 150	:invoke	:write	242994
2026-07-28 04:59:18,065{GMT}	INFO	[jepsen worker 0] jepsen.util: 150	:info	:write	242994	Connection refused
2026-07-28 04:59:18,224{GMT}	INFO	[jepsen worker 1] jepsen.util: 1	:invoke	:write	161521
2026-07-28 04:59:18,225{GMT}	INFO	[jepsen worker 2] jepsen.util: 2	:invoke	:write	121040
2026-07-28 04:59:18,226{GMT}	INFO	[jepsen worker 1] jepsen.util: 1	:fail	:write	161521	:not-leader
2026-07-28 04:59:18,227{GMT}	INFO	[jepsen worker 2] jepsen.util: 2	:fail	:write	121040	:not-leader
2026-07-28 04:59:18,374{GMT}	INFO	[jepsen worker 3] jepsen.util: 3	:invoke	:read	nil
2026-07-28 04:59:18,376{GMT}	INFO	[jepsen worker 3] jepsen.util: 3	:fail	:read	nil	:not-leader
2026-07-28 04:59:18,502{GMT}	INFO	[jepsen worker 4] jepsen.util: 4	:invoke	:write	953315
2026-07-28 04:59:18,513{GMT}	INFO	[jepsen worker 4] jepsen.util: 4	:ok	:write	953315
2026-07-28 04:59:18,671{GMT}	INFO	[jepsen worker 0] jepsen.util: 155	:invoke	:write	594365
2026-07-28 04:59:18,672{GMT}	INFO	[jepsen worker 0] jepsen.util: 155	:info	:write	594365	Connection refused
2026-07-28 04:59:18,856{GMT}	INFO	[jepsen worker 0] jepsen.util: 160	:invoke	:read	nil
2026-07-28 04:59:18,858{GMT}	INFO	[jepsen worker 0] jepsen.util: 160	:info	:read	nil	Connection refused
2026-07-28 04:59:18,870{GMT}	INFO	[jepsen worker 1] jepsen.util: 1	:invoke	:read	nil
2026-07-28 04:59:18,872{GMT}	INFO	[jepsen worker 1] jepsen.util: 1	:fail	:read	nil	:not-leader
2026-07-28 04:59:19,045{GMT}	INFO	[jepsen worker 2] jepsen.util: 2	:invoke	:read	nil
2026-07-28 04:59:19,045{GMT}	INFO	[jepsen worker 3] jepsen.util: 3	:invoke	:read	nil
2026-07-28 04:59:19,047{GMT}	INFO	[jepsen worker 3] jepsen.util: 3	:fail	:read	nil	:not-leader
2026-07-28 04:59:19,047{GMT}	INFO	[jepsen worker 2] jepsen.util: 2	:fail	:read	nil	:not-leader
2026-07-28 04:59:19,235{GMT}	INFO	[jepsen worker 4] jepsen.util: 4	:invoke	:write	402553
2026-07-28 04:59:19,241{GMT}	INFO	[jepsen worker 4] jepsen.util: 4	:ok	:write	402553
2026-07-28 04:59:19,318{GMT}	INFO	[jepsen worker 0] jepsen.util: 165	:invoke	:write	271512
2026-07-28 04:59:19,320{GMT}	INFO	[jepsen worker 0] jepsen.util: 165	:info	:write	271512	Connection refused
2026-07-28 04:59:19,481{GMT}	INFO	[jepsen worker 0] jepsen.util: 170	:invoke	:read	nil
2026-07-28 04:59:19,483{GMT}	INFO	[jepsen worker 0] jepsen.util: 170	:info	:read	nil	Connection refused
2026-07-28 04:59:19,501{GMT}	INFO	[jepsen worker 1] jepsen.util: 1	:invoke	:write	205422
2026-07-28 04:59:19,504{GMT}	INFO	[jepsen worker 1] jepsen.util: 1	:fail	:write	205422	:not-leader
2026-07-28 04:59:19,524{GMT}	INFO	[jepsen worker 2] jepsen.util: 2	:invoke	:write	362811
2026-07-28 04:59:19,526{GMT}	INFO	[jepsen worker 2] jepsen.util: 2	:fail	:write	362811	:not-leader
2026-07-28 04:59:19,640{GMT}	INFO	[jepsen worker 3] jepsen.util: 3	:invoke	:read	nil
2026-07-28 04:59:19,642{GMT}	INFO	[jepsen worker 3] jepsen.util: 3	:fail	:read	nil	:not-leader
2026-07-28 04:59:19,723{GMT}	INFO	[jepsen worker 4] jepsen.util: 4	:invoke	:read	nil
2026-07-28 04:59:19,726{GMT}	INFO	[jepsen worker 4] jepsen.util: 4	:ok	:read	402553
2026-07-28 04:59:19,904{GMT}	INFO	[jepsen worker 0] jepsen.util: 175	:invoke	:write	906538
2026-07-28 04:59:19,905{GMT}	INFO	[jepsen worker 0] jepsen.util: 175	:info	:write	906538	Connection refused
2026-07-28 04:59:19,960{GMT}	INFO	[jepsen worker 0] jepsen.util: 180	:invoke	:write	806170
2026-07-28 04:59:19,962{GMT}	INFO	[jepsen worker 0] jepsen.util: 180	:info	:write	806170	Connection refused
2026-07-28 04:59:19,997{GMT}	INFO	[jepsen worker 1] jepsen.util: 1	:invoke	:write	477181
2026-07-28 04:59:20,000{GMT}	INFO	[jepsen worker 1] jepsen.util: 1	:fail	:write	477181	:not-leader
2026-07-28 04:59:20,168{GMT}	INFO	[jepsen worker 2] jepsen.util: 2	:invoke	:write	863912
2026-07-28 04:59:20,170{GMT}	INFO	[jepsen worker 2] jepsen.util: 2	:fail	:write	863912	:not-leader
2026-07-28 04:59:20,220{GMT}	INFO	[jepsen worker 3] jepsen.util: 3	:invoke	:read	nil
2026-07-28 04:59:20,223{GMT}	INFO	[jepsen worker 3] jepsen.util: 3	:fail	:read	nil	:not-leader
2026-07-28 04:59:20,382{GMT}	INFO	[jepsen worker 4] jepsen.util: 4	:invoke	:write	170491
2026-07-28 04:59:20,388{GMT}	INFO	[jepsen worker 4] jepsen.util: 4	:ok	:write	170491
2026-07-28 04:59:20,446{GMT}	INFO	[jepsen worker 0] jepsen.util: 185	:invoke	:write	525256
2026-07-28 04:59:20,447{GMT}	INFO	[jepsen worker 0] jepsen.util: 185	:info	:write	525256	Connection refused
2026-07-28 04:59:20,552{GMT}	INFO	[jepsen worker 0] jepsen.util: 190	:invoke	:write	530736
2026-07-28 04:59:20,553{GMT}	INFO	[jepsen worker 0] jepsen.util: 190	:info	:write	530736	Connection refused
2026-07-28 04:59:20,657{GMT}	INFO	[jepsen worker 1] jepsen.util: 1	:invoke	:read	nil
2026-07-28 04:59:20,659{GMT}	INFO	[jepsen worker 1] jepsen.util: 1	:fail	:read	nil	:not-leader
2026-07-28 04:59:20,784{GMT}	INFO	[jepsen worker 2] jepsen.util: 2	:invoke	:write	12892
2026-07-28 04:59:20,786{GMT}	INFO	[jepsen worker 2] jepsen.util: 2	:fail	:write	12892	:not-leader
2026-07-28 04:59:20,921{GMT}	INFO	[jepsen worker 3] jepsen.util: 3	:invoke	:read	nil
2026-07-28 04:59:20,923{GMT}	INFO	[jepsen worker 3] jepsen.util: 3	:fail	:read	nil	:not-leader
2026-07-28 04:59:21,007{GMT}	INFO	[jepsen worker 4] jepsen.util: 4	:invoke	:write	776381
2026-07-28 04:59:21,016{GMT}	INFO	[jepsen worker 4] jepsen.util: 4	:ok	:write	776381
2026-07-28 04:59:21,093{GMT}	INFO	[jepsen worker 0] jepsen.util: 195	:invoke	:read	nil
2026-07-28 04:59:21,094{GMT}	INFO	[jepsen worker 0] jepsen.util: 195	:info	:read	nil	Connection refused
2026-07-28 04:59:21,245{GMT}	INFO	[jepsen worker 0] jepsen.util: 200	:invoke	:write	252476
2026-07-28 04:59:21,246{GMT}	INFO	[jepsen worker 0] jepsen.util: 200	:info	:write	252476	Connection refused
2026-07-28 04:59:21,380{GMT}	INFO	[jepsen worker 1] jepsen.util: 1	:invoke	:write	122680
2026-07-28 04:59:21,380{GMT}	INFO	[jepsen worker 2] jepsen.util: 2	:invoke	:write	385308
2026-07-28 04:59:21,381{GMT}	INFO	[jepsen worker 2] jepsen.util: 2	:fail	:write	385308	:not-leader
2026-07-28 04:59:21,381{GMT}	INFO	[jepsen worker 1] jepsen.util: 1	:fail	:write	122680	:not-leader
2026-07-28 04:59:21,560{GMT}	INFO	[jepsen worker 3] jepsen.util: 3	:invoke	:read	nil
2026-07-28 04:59:21,562{GMT}	INFO	[jepsen worker 3] jepsen.util: 3	:fail	:read	nil	:not-leader
2026-07-28 04:59:21,718{GMT}	INFO	[jepsen worker 4] jepsen.util: 4	:invoke	:read	nil
2026-07-28 04:59:21,721{GMT}	INFO	[jepsen worker 4] jepsen.util: 4	:ok	:read	776381
2026-07-28 04:59:21,796{GMT}	INFO	[jepsen worker 0] jepsen.util: 205	:invoke	:write	345031
2026-07-28 04:59:21,797{GMT}	INFO	[jepsen worker 0] jepsen.util: 205	:info	:write	345031	Connection refused
2026-07-28 04:59:21,893{GMT}	INFO	[jepsen worker 0] jepsen.util: 210	:invoke	:read	nil
2026-07-28 04:59:21,894{GMT}	INFO	[jepsen worker 0] jepsen.util: 210	:info	:read	nil	Connection refused
2026-07-28 04:59:21,918{GMT}	INFO	[jepsen worker 1] jepsen.util: 1	:invoke	:write	368361
2026-07-28 04:59:21,922{GMT}	INFO	[jepsen worker 1] jepsen.util: 1	:fail	:write	368361	:not-leader
2026-07-28 04:59:22,075{GMT}	INFO	[jepsen worker 2] jepsen.util: 2	:invoke	:write	90043
2026-07-28 04:59:22,078{GMT}	INFO	[jepsen worker 2] jepsen.util: 2	:fail	:write	90043	:not-leader
2026-07-28 04:59:22,203{GMT}	INFO	[jepsen worker 3] jepsen.util: 3	:invoke	:write	243947
2026-07-28 04:59:22,205{GMT}	INFO	[jepsen worker 3] jepsen.util: 3	:fail	:write	243947	:not-leader
2026-07-28 04:59:22,236{GMT}	INFO	[jepsen worker 4] jepsen.util: 4	:invoke	:write	589671
2026-07-28 04:59:22,243{GMT}	INFO	[jepsen worker 4] jepsen.util: 4	:ok	:write	589671
2026-07-28 04:59:22,267{GMT}	INFO	[jepsen worker 0] jepsen.util: 215	:invoke	:write	767619
2026-07-28 04:59:22,268{GMT}	INFO	[jepsen worker 0] jepsen.util: 215	:info	:write	767619	Connection refused
2026-07-28 04:59:22,403{GMT}	INFO	[jepsen worker 0] jepsen.util: 220	:invoke	:read	nil
2026-07-28 04:59:22,405{GMT}	INFO	[jepsen worker 0] jepsen.util: 220	:info	:read	nil	Connection refused
2026-07-28 04:59:22,539{GMT}	INFO	[jepsen worker 1] jepsen.util: 1	:invoke	:read	nil
2026-07-28 04:59:22,541{GMT}	INFO	[jepsen worker 1] jepsen.util: 1	:fail	:read	nil	:not-leader
2026-07-28 04:59:22,627{GMT}	INFO	[jepsen worker 2] jepsen.util: 2	:invoke	:write	447174
2026-07-28 04:59:22,629{GMT}	INFO	[jepsen worker 2] jepsen.util: 2	:fail	:write	447174	:not-leader
2026-07-28 04:59:22,742{GMT}	INFO	[jepsen worker 3] jepsen.util: 3	:invoke	:read	nil
2026-07-28 04:59:22,744{GMT}	INFO	[jepsen worker 3] jepsen.util: 3	:fail	:read	nil	:not-leader
2026-07-28 04:59:22,752{GMT}	INFO	[jepsen worker 4] jepsen.util: 4	:invoke	:write	679318
2026-07-28 04:59:22,752{GMT}	INFO	[jepsen worker 0] jepsen.util: 225	:invoke	:write	111247
2026-07-28 04:59:22,754{GMT}	INFO	[jepsen worker 0] jepsen.util: 225	:info	:write	111247	Connection refused
2026-07-28 04:59:22,761{GMT}	INFO	[jepsen worker 4] jepsen.util: 4	:ok	:write	679318
2026-07-28 04:59:22,832{GMT}	INFO	[jepsen worker 0] jepsen.util: 230	:invoke	:read	nil
2026-07-28 04:59:22,833{GMT}	INFO	[jepsen worker 0] jepsen.util: 230	:info	:read	nil	Connection refused
2026-07-28 04:59:22,955{GMT}	INFO	[jepsen worker 1] jepsen.util: 1	:invoke	:write	87922
2026-07-28 04:59:22,957{GMT}	INFO	[jepsen worker 1] jepsen.util: 1	:fail	:write	87922	:not-leader
2026-07-28 04:59:23,149{GMT}	INFO	[jepsen worker 2] jepsen.util: 2	:invoke	:write	868355
2026-07-28 04:59:23,151{GMT}	INFO	[jepsen worker 2] jepsen.util: 2	:fail	:write	868355	:not-leader
2026-07-28 04:59:23,284{GMT}	INFO	[jepsen worker 3] jepsen.util: 3	:invoke	:write	163697
2026-07-28 04:59:23,286{GMT}	INFO	[jepsen worker 3] jepsen.util: 3	:fail	:write	163697	:not-leader
2026-07-28 04:59:23,420{GMT}	INFO	[jepsen worker 4] jepsen.util: 4	:invoke	:read	nil
2026-07-28 04:59:23,422{GMT}	INFO	[jepsen worker 4] jepsen.util: 4	:ok	:read	679318
2026-07-28 04:59:23,508{GMT}	INFO	[jepsen worker 0] jepsen.util: 235	:invoke	:write	914478
2026-07-28 04:59:23,509{GMT}	INFO	[jepsen worker 0] jepsen.util: 235	:info	:write	914478	Connection refused
2026-07-28 04:59:23,595{GMT}	INFO	[jepsen worker 0] jepsen.util: 240	:invoke	:write	536278
2026-07-28 04:59:23,596{GMT}	INFO	[jepsen worker 0] jepsen.util: 240	:info	:write	536278	Connection refused
2026-07-28 04:59:23,676{GMT}	INFO	[jepsen worker 1] jepsen.util: 1	:invoke	:write	768432
2026-07-28 04:59:23,678{GMT}	INFO	[jepsen worker 1] jepsen.util: 1	:fail	:write	768432	:not-leader
2026-07-28 04:59:23,760{GMT}	INFO	[jepsen worker 2] jepsen.util: 2	:invoke	:read	nil
2026-07-28 04:59:23,762{GMT}	INFO	[jepsen worker 2] jepsen.util: 2	:fail	:read	nil	:not-leader
2026-07-28 04:59:23,861{GMT}	INFO	[jepsen worker 3] jepsen.util: 3	:invoke	:read	nil
2026-07-28 04:59:23,863{GMT}	INFO	[jepsen worker 3] jepsen.util: 3	:fail	:read	nil	:not-leader
2026-07-28 04:59:23,890{GMT}	INFO	[jepsen worker 4] jepsen.util: 4	:invoke	:read	nil
2026-07-28 04:59:23,893{GMT}	INFO	[jepsen worker 4] jepsen.util: 4	:ok	:read	679318
2026-07-28 04:59:23,904{GMT}	INFO	[jepsen worker 0] jepsen.util: 245	:invoke	:write	263637
2026-07-28 04:59:23,906{GMT}	INFO	[jepsen worker 0] jepsen.util: 245	:info	:write	263637	Connection refused
2026-07-28 04:59:23,922{GMT}	INFO	[jepsen test runner] jepsen.core: Run complete, writing
2026-07-28 04:59:24,003{GMT}	INFO	[jepsen test runner] jepsen.core: Analyzing...
2026-07-28 04:59:24,173{GMT}	INFO	[jepsen test runner] jepsen.core: Analysis complete
2026-07-28 04:59:24,194{GMT}	INFO	[jepsen results] jepsen.store: Wrote /opt/hyperion/HYPERION-DST/jepsen/store/hyperion-live-linearizability/20260728T045906.512+0200/results.edn
2026-07-28 04:59:24,234{GMT}	INFO	[jepsen test runner] jepsen.core: {:linearizable {:valid? true,
                :model #knossos.model.Register{:value 263637},
                :final-paths (),
                :configs ()},
 :timeline {:valid? true},
 :valid? true}


Everything looks good! ヽ(‘ー`)ノ
